           | Oxc        | ESBuild    | Oxc        | ESBuild    |
Original   | minified   | minified   | gzip       | gzip       | Iterations | File      
-------------------------------------------------------------------------------------
72.14 kB   | 23.23 kB   | 23.70 kB   | 8.40 kB    | 8.54 kB    |          2 | react.development.js 

173.90 kB  | 59.47 kB   | 59.82 kB   | 19.18 kB   | 19.33 kB   |          2 | moment.js  

287.63 kB  | 89.31 kB   | 90.07 kB   | 30.95 kB   | 31.95 kB   |          2 | jquery.js  

342.15 kB  | 117.17 kB  | 118.14 kB  | 43.27 kB   | 44.37 kB   |          2 | vue.js     

544.10 kB  | 71.20 kB   | 72.48 kB   | 25.85 kB   | 26.20 kB   |          3 | lodash.js  

555.77 kB  | 270.85 kB  | 270.13 kB  | 88.23 kB   | 90.80 kB   |          2 | d3.js      

1.01 MB    | 439.88 kB  | 458.89 kB  | 122.24 kB  | 126.71 kB  |          3 | bundle.min.js 

1.25 MB    | 646.86 kB  | 646.76 kB  | 160.24 kB  | 163.73 kB  |          2 | three.js   

2.14 MB    | 714.65 kB  | 724.14 kB  | 161.41 kB  | 181.07 kB  |          2 | victory.js 

3.20 MB    | 1.01 MB    | 1.01 MB    | 323.86 kB  | 331.56 kB  |          3 | echarts.js 

6.69 MB    | 2.23 MB    | 2.31 MB    | 460.69 kB  | 488.28 kB  |          4 | antd.js    

10.95 MB   | 3.34 MB    | 3.49 MB    | 856.46 kB  | 915.50 kB  |          4 | typescript.js 

