File                       | File size      || Sys allocs     | Sys reallocs   || Arena allocs   | Arena reallocs | Arena bytes    
-------------------------------------------------------------------------------------------------------------------------------------------
RadixUIAdoptionSection.jsx | 2.52 kB        ||             75 |              4 ||             20 |              6 | 688 B         

pdf.mjs                    | 567.30 kB      ||          19577 |           2900 ||          47405 |           7784 | 1.625 MB      

antd.js                    | 6.69 MB        ||          99854 |          13518 ||         331725 |          70117 | 17.407 MB     

