codegen_misc Summary:
AST Parsed     : 47/47 (100.00%)
Positive Passed: 47/47 (100.00%)
